[2024-11-16T17:45:04.240-0600][gc,heap] Heap region size: 1M
[2024-11-16T17:45:04.241-0600][gc     ] Using G1
[2024-11-16T17:45:04.241-0600][gc,heap,coops] Heap address: 0x0000000780000000, size: 1024 MB, Compressed Oops mode: Zero based, Oop shift amount: 3
[2024-11-16T17:45:04.830-0600][gc,start     ] GC(0) Pause Young (Normal) (G1 Evacuation Pause)
[2024-11-16T17:45:04.830-0600][gc,task      ] GC(0) Using 10 workers of 10 for evacuation
[2024-11-16T17:45:04.834-0600][gc,phases    ] GC(0)   Pre Evacuate Collection Set: 0.0ms
[2024-11-16T17:45:04.834-0600][gc,phases    ] GC(0)   Evacuate Collection Set: 3.8ms
[2024-11-16T17:45:04.834-0600][gc,phases    ] GC(0)   Post Evacuate Collection Set: 0.3ms
[2024-11-16T17:45:04.834-0600][gc,phases    ] GC(0)   Other: 0.3ms
[2024-11-16T17:45:04.834-0600][gc,heap      ] GC(0) Eden regions: 51->0(44)
[2024-11-16T17:45:04.834-0600][gc,heap      ] GC(0) Survivor regions: 0->7(7)
[2024-11-16T17:45:04.834-0600][gc,heap      ] GC(0) Old regions: 0->2
[2024-11-16T17:45:04.834-0600][gc,heap      ] GC(0) Humongous regions: 0->0
[2024-11-16T17:45:04.834-0600][gc,metaspace ] GC(0) Metaspace: 20376K(20992K)->20376K(20992K) NonClass: 18065K(18432K)->18065K(18432K) Class: 2311K(2560K)->2311K(2560K)
[2024-11-16T17:45:04.834-0600][gc           ] GC(0) Pause Young (Normal) (G1 Evacuation Pause) 51M->8M(1024M) 4.470ms
[2024-11-16T17:45:04.834-0600][gc,cpu       ] GC(0) User=0.03s Sys=0.01s Real=0.00s
[2024-11-16T17:45:04.845-0600][gc,start     ] GC(1) Pause Young (Concurrent Start) (Metadata GC Threshold)
[2024-11-16T17:45:04.845-0600][gc,task      ] GC(1) Using 10 workers of 10 for evacuation
[2024-11-16T17:45:04.847-0600][gc,phases    ] GC(1)   Pre Evacuate Collection Set: 0.0ms
[2024-11-16T17:45:04.847-0600][gc,phases    ] GC(1)   Evacuate Collection Set: 1.9ms
[2024-11-16T17:45:04.847-0600][gc,phases    ] GC(1)   Post Evacuate Collection Set: 0.2ms
[2024-11-16T17:45:04.847-0600][gc,phases    ] GC(1)   Other: 0.1ms
[2024-11-16T17:45:04.847-0600][gc,heap      ] GC(1) Eden regions: 3->0(50)
[2024-11-16T17:45:04.847-0600][gc,heap      ] GC(1) Survivor regions: 7->1(7)
[2024-11-16T17:45:04.847-0600][gc,heap      ] GC(1) Old regions: 2->8
[2024-11-16T17:45:04.847-0600][gc,heap      ] GC(1) Humongous regions: 0->0
[2024-11-16T17:45:04.847-0600][gc,metaspace ] GC(1) Metaspace: 20798K(21296K)->20798K(21296K) NonClass: 18432K(18688K)->18432K(18688K) Class: 2365K(2608K)->2365K(2608K)
[2024-11-16T17:45:04.847-0600][gc           ] GC(1) Pause Young (Concurrent Start) (Metadata GC Threshold) 11M->8M(1024M) 2.313ms
[2024-11-16T17:45:04.847-0600][gc,cpu       ] GC(1) User=0.01s Sys=0.00s Real=0.00s
[2024-11-16T17:45:04.847-0600][gc           ] GC(2) Concurrent Cycle
[2024-11-16T17:45:04.847-0600][gc,marking   ] GC(2) Concurrent Clear Claimed Marks
[2024-11-16T17:45:04.847-0600][gc,marking   ] GC(2) Concurrent Clear Claimed Marks 0.010ms
[2024-11-16T17:45:04.847-0600][gc,marking   ] GC(2) Concurrent Scan Root Regions
[2024-11-16T17:45:04.848-0600][gc,marking   ] GC(2) Concurrent Scan Root Regions 0.078ms
[2024-11-16T17:45:04.848-0600][gc,marking   ] GC(2) Concurrent Mark (0.611s)
[2024-11-16T17:45:04.848-0600][gc,marking   ] GC(2) Concurrent Mark From Roots
[2024-11-16T17:45:04.848-0600][gc,task      ] GC(2) Using 3 workers of 3 for marking
[2024-11-16T17:45:04.849-0600][gc,marking   ] GC(2) Concurrent Mark From Roots 1.777ms
[2024-11-16T17:45:04.849-0600][gc,marking   ] GC(2) Concurrent Preclean
[2024-11-16T17:45:04.849-0600][gc,marking   ] GC(2) Concurrent Preclean 0.028ms
[2024-11-16T17:45:04.849-0600][gc,marking   ] GC(2) Concurrent Mark (0.611s, 0.613s) 1.833ms
[2024-11-16T17:45:04.849-0600][gc,start     ] GC(2) Pause Remark
[2024-11-16T17:45:04.850-0600][gc,stringtable] GC(2) Cleaned string and symbol table, strings: 7599 processed, 0 removed, symbols: 67607 processed, 39 removed
[2024-11-16T17:45:04.850-0600][gc            ] GC(2) Pause Remark 9M->9M(1024M) 0.788ms
[2024-11-16T17:45:04.850-0600][gc,cpu        ] GC(2) User=0.01s Sys=0.00s Real=0.01s
[2024-11-16T17:45:04.850-0600][gc,marking    ] GC(2) Concurrent Rebuild Remembered Sets
[2024-11-16T17:45:04.852-0600][gc,marking    ] GC(2) Concurrent Rebuild Remembered Sets 1.388ms
[2024-11-16T17:45:04.852-0600][gc,start      ] GC(2) Pause Cleanup
[2024-11-16T17:45:04.852-0600][gc            ] GC(2) Pause Cleanup 9M->9M(1024M) 0.093ms
[2024-11-16T17:45:04.852-0600][gc,cpu        ] GC(2) User=0.00s Sys=0.00s Real=0.00s
[2024-11-16T17:45:04.852-0600][gc,marking    ] GC(2) Concurrent Cleanup for Next Mark
[2024-11-16T17:45:04.853-0600][gc,marking    ] GC(2) Concurrent Cleanup for Next Mark 1.218ms
[2024-11-16T17:45:04.853-0600][gc            ] GC(2) Concurrent Cycle 5.657ms
[2024-11-16T17:45:05.173-0600][gc,start      ] GC(3) Pause Young (Normal) (G1 Evacuation Pause)
[2024-11-16T17:45:05.173-0600][gc,task       ] GC(3) Using 10 workers of 10 for evacuation
[2024-11-16T17:45:05.174-0600][gc,phases     ] GC(3)   Pre Evacuate Collection Set: 0.0ms
[2024-11-16T17:45:05.174-0600][gc,phases     ] GC(3)   Evacuate Collection Set: 0.7ms
[2024-11-16T17:45:05.174-0600][gc,phases     ] GC(3)   Post Evacuate Collection Set: 0.1ms
[2024-11-16T17:45:05.174-0600][gc,phases     ] GC(3)   Other: 0.1ms
[2024-11-16T17:45:05.174-0600][gc,heap       ] GC(3) Eden regions: 50->0(49)
[2024-11-16T17:45:05.174-0600][gc,heap       ] GC(3) Survivor regions: 1->2(7)
[2024-11-16T17:45:05.174-0600][gc,heap       ] GC(3) Old regions: 8->8
[2024-11-16T17:45:05.174-0600][gc,heap       ] GC(3) Humongous regions: 0->0
[2024-11-16T17:45:05.174-0600][gc,metaspace  ] GC(3) Metaspace: 29913K(30896K)->29913K(30896K) NonClass: 26377K(26880K)->26377K(26880K) Class: 3536K(4016K)->3536K(4016K)
[2024-11-16T17:45:05.174-0600][gc            ] GC(3) Pause Young (Normal) (G1 Evacuation Pause) 58M->9M(1024M) 1.037ms
[2024-11-16T17:45:05.174-0600][gc,cpu        ] GC(3) User=0.00s Sys=0.00s Real=0.00s
[2024-11-16T17:45:05.368-0600][gc,start      ] GC(4) Pause Young (Concurrent Start) (Metadata GC Threshold)
[2024-11-16T17:45:05.368-0600][gc,task       ] GC(4) Using 10 workers of 10 for evacuation
[2024-11-16T17:45:05.370-0600][gc,phases     ] GC(4)   Pre Evacuate Collection Set: 0.0ms
[2024-11-16T17:45:05.370-0600][gc,phases     ] GC(4)   Evacuate Collection Set: 1.4ms
[2024-11-16T17:45:05.370-0600][gc,phases     ] GC(4)   Post Evacuate Collection Set: 0.2ms
[2024-11-16T17:45:05.370-0600][gc,phases     ] GC(4)   Other: 0.1ms
[2024-11-16T17:45:05.370-0600][gc,heap       ] GC(4) Eden regions: 34->0(47)
[2024-11-16T17:45:05.370-0600][gc,heap       ] GC(4) Survivor regions: 2->4(7)
[2024-11-16T17:45:05.370-0600][gc,heap       ] GC(4) Old regions: 8->8
[2024-11-16T17:45:05.370-0600][gc,heap       ] GC(4) Humongous regions: 129->129
[2024-11-16T17:45:05.370-0600][gc,metaspace  ] GC(4) Metaspace: 34875K(35920K)->34875K(35920K) NonClass: 30910K(31392K)->30910K(31392K) Class: 3965K(4528K)->3965K(4528K)
[2024-11-16T17:45:05.370-0600][gc            ] GC(4) Pause Young (Concurrent Start) (Metadata GC Threshold) 171M->140M(1024M) 1.784ms
[2024-11-16T17:45:05.370-0600][gc,cpu        ] GC(4) User=0.01s Sys=0.00s Real=0.01s
[2024-11-16T17:45:05.370-0600][gc            ] GC(5) Concurrent Cycle
[2024-11-16T17:45:05.370-0600][gc,marking    ] GC(5) Concurrent Clear Claimed Marks
[2024-11-16T17:45:05.370-0600][gc,marking    ] GC(5) Concurrent Clear Claimed Marks 0.021ms
[2024-11-16T17:45:05.370-0600][gc,marking    ] GC(5) Concurrent Scan Root Regions
[2024-11-16T17:45:05.370-0600][gc,marking    ] GC(5) Concurrent Scan Root Regions 0.503ms
[2024-11-16T17:45:05.370-0600][gc,marking    ] GC(5) Concurrent Mark (1.134s)
[2024-11-16T17:45:05.370-0600][gc,marking    ] GC(5) Concurrent Mark From Roots
[2024-11-16T17:45:05.370-0600][gc,task       ] GC(5) Using 3 workers of 3 for marking
[2024-11-16T17:45:05.372-0600][gc,marking    ] GC(5) Concurrent Mark From Roots 2.002ms
[2024-11-16T17:45:05.372-0600][gc,marking    ] GC(5) Concurrent Preclean
[2024-11-16T17:45:05.372-0600][gc,marking    ] GC(5) Concurrent Preclean 0.024ms
[2024-11-16T17:45:05.372-0600][gc,marking    ] GC(5) Concurrent Mark (1.134s, 1.136s) 2.044ms
[2024-11-16T17:45:05.373-0600][gc,start      ] GC(5) Pause Remark
[2024-11-16T17:45:05.373-0600][gc,stringtable] GC(5) Cleaned string and symbol table, strings: 11121 processed, 10 removed, symbols: 100752 processed, 18 removed
[2024-11-16T17:45:05.373-0600][gc            ] GC(5) Pause Remark 141M->141M(1024M) 0.908ms
[2024-11-16T17:45:05.373-0600][gc,cpu        ] GC(5) User=0.01s Sys=0.00s Real=0.00s
[2024-11-16T17:45:05.373-0600][gc,marking    ] GC(5) Concurrent Rebuild Remembered Sets
[2024-11-16T17:45:05.375-0600][gc,marking    ] GC(5) Concurrent Rebuild Remembered Sets 1.345ms
[2024-11-16T17:45:05.375-0600][gc,start      ] GC(5) Pause Cleanup
[2024-11-16T17:45:05.375-0600][gc            ] GC(5) Pause Cleanup 141M->141M(1024M) 0.080ms
[2024-11-16T17:45:05.375-0600][gc,cpu        ] GC(5) User=0.00s Sys=0.00s Real=0.00s
[2024-11-16T17:45:05.375-0600][gc,marking    ] GC(5) Concurrent Cleanup for Next Mark
[2024-11-16T17:45:05.376-0600][gc,marking    ] GC(5) Concurrent Cleanup for Next Mark 1.131ms
[2024-11-16T17:45:05.376-0600][gc            ] GC(5) Concurrent Cycle 6.348ms
[2024-11-16T17:45:05.571-0600][gc,start      ] GC(6) Pause Young (Normal) (G1 Evacuation Pause)
[2024-11-16T17:45:05.574-0600][gc,task       ] GC(6) Using 10 workers of 10 for evacuation
[2024-11-16T17:45:05.576-0600][gc,phases     ] GC(6)   Pre Evacuate Collection Set: 0.0ms
[2024-11-16T17:45:05.576-0600][gc,phases     ] GC(6)   Evacuate Collection Set: 1.9ms
[2024-11-16T17:45:05.576-0600][gc,phases     ] GC(6)   Post Evacuate Collection Set: 0.2ms
[2024-11-16T17:45:05.576-0600][gc,phases     ] GC(6)   Other: 3.4ms
[2024-11-16T17:45:05.576-0600][gc,heap       ] GC(6) Eden regions: 47->0(44)
[2024-11-16T17:45:05.576-0600][gc,heap       ] GC(6) Survivor regions: 4->7(7)
[2024-11-16T17:45:05.576-0600][gc,heap       ] GC(6) Old regions: 8->8
[2024-11-16T17:45:05.576-0600][gc,heap       ] GC(6) Humongous regions: 129->129
[2024-11-16T17:45:05.576-0600][gc,metaspace  ] GC(6) Metaspace: 42086K(43728K)->42086K(43728K) NonClass: 37390K(38304K)->37390K(38304K) Class: 4696K(5424K)->4696K(5424K)
[2024-11-16T17:45:05.576-0600][gc            ] GC(6) Pause Young (Normal) (G1 Evacuation Pause) 187M->143M(1024M) 5.580ms
[2024-11-16T17:45:05.576-0600][gc,cpu        ] GC(6) User=0.02s Sys=0.00s Real=0.00s
[2024-11-16T17:45:06.252-0600][gc,start      ] GC(7) Pause Young (Normal) (G1 Evacuation Pause)
[2024-11-16T17:45:06.252-0600][gc,task       ] GC(7) Using 10 workers of 10 for evacuation
[2024-11-16T17:45:06.257-0600][gc,phases     ] GC(7)   Pre Evacuate Collection Set: 0.0ms
[2024-11-16T17:45:06.257-0600][gc,phases     ] GC(7)   Evacuate Collection Set: 4.2ms
[2024-11-16T17:45:06.257-0600][gc,phases     ] GC(7)   Post Evacuate Collection Set: 0.3ms
[2024-11-16T17:45:06.257-0600][gc,phases     ] GC(7)   Other: 0.2ms
[2024-11-16T17:45:06.257-0600][gc,heap       ] GC(7) Eden regions: 44->0(48)
[2024-11-16T17:45:06.257-0600][gc,heap       ] GC(7) Survivor regions: 7->3(7)
[2024-11-16T17:45:06.257-0600][gc,heap       ] GC(7) Old regions: 8->15
[2024-11-16T17:45:06.257-0600][gc,heap       ] GC(7) Humongous regions: 153->129
[2024-11-16T17:45:06.257-0600][gc,metaspace  ] GC(7) Metaspace: 49130K(51408K)->49130K(51408K) NonClass: 43223K(44448K)->43223K(44448K) Class: 5906K(6960K)->5906K(6960K)
[2024-11-16T17:45:06.257-0600][gc            ] GC(7) Pause Young (Normal) (G1 Evacuation Pause) 211M->145M(1024M) 4.822ms
[2024-11-16T17:45:06.257-0600][gc,cpu        ] GC(7) User=0.03s Sys=0.01s Real=0.00s
[2024-11-16T17:53:14.211-0600][gc,start      ] GC(8) Pause Young (Normal) (G1 Evacuation Pause)
[2024-11-16T17:53:14.211-0600][gc,task       ] GC(8) Using 10 workers of 10 for evacuation
[2024-11-16T17:53:14.214-0600][gc,phases     ] GC(8)   Pre Evacuate Collection Set: 0.1ms
[2024-11-16T17:53:14.215-0600][gc,phases     ] GC(8)   Evacuate Collection Set: 2.9ms
[2024-11-16T17:53:14.215-0600][gc,phases     ] GC(8)   Post Evacuate Collection Set: 0.4ms
[2024-11-16T17:53:14.215-0600][gc,phases     ] GC(8)   Other: 0.4ms
[2024-11-16T17:53:14.215-0600][gc,heap       ] GC(8) Eden regions: 48->0(45)
[2024-11-16T17:53:14.215-0600][gc,heap       ] GC(8) Survivor regions: 3->6(7)
[2024-11-16T17:53:14.215-0600][gc,heap       ] GC(8) Old regions: 15->15
[2024-11-16T17:53:14.215-0600][gc,heap       ] GC(8) Humongous regions: 129->129
[2024-11-16T17:53:14.215-0600][gc,metaspace  ] GC(8) Metaspace: 54002K(57296K)->54002K(57296K) NonClass: 47108K(48800K)->47108K(48800K) Class: 6894K(8496K)->6894K(8496K)
[2024-11-16T17:53:14.215-0600][gc            ] GC(8) Pause Young (Normal) (G1 Evacuation Pause) 193M->148M(1024M) 3.847ms
[2024-11-16T17:53:14.215-0600][gc,cpu        ] GC(8) User=0.02s Sys=0.00s Real=0.00s
[2024-11-16T17:59:16.059-0600][gc,start      ] GC(9) Pause Young (Normal) (G1 Evacuation Pause)
[2024-11-16T17:59:16.060-0600][gc,task       ] GC(9) Using 10 workers of 10 for evacuation
[2024-11-16T17:59:16.071-0600][gc,phases     ] GC(9)   Pre Evacuate Collection Set: 0.3ms
[2024-11-16T17:59:16.071-0600][gc,phases     ] GC(9)   Evacuate Collection Set: 9.7ms
[2024-11-16T17:59:16.072-0600][gc,phases     ] GC(9)   Post Evacuate Collection Set: 0.9ms
[2024-11-16T17:59:16.072-0600][gc,phases     ] GC(9)   Other: 1.5ms
[2024-11-16T17:59:16.072-0600][gc,heap       ] GC(9) Eden regions: 45->0(47)
[2024-11-16T17:59:16.072-0600][gc,heap       ] GC(9) Survivor regions: 6->4(7)
[2024-11-16T17:59:16.072-0600][gc,heap       ] GC(9) Old regions: 15->17
[2024-11-16T17:59:16.072-0600][gc,heap       ] GC(9) Humongous regions: 129->129
[2024-11-16T17:59:16.072-0600][gc,metaspace  ] GC(9) Metaspace: 54846K(58192K)->54846K(58192K) NonClass: 47822K(49568K)->47822K(49568K) Class: 7024K(8624K)->7024K(8624K)
[2024-11-16T17:59:16.072-0600][gc            ] GC(9) Pause Young (Normal) (G1 Evacuation Pause) 193M->148M(1024M) 12.516ms
[2024-11-16T17:59:16.072-0600][gc,cpu        ] GC(9) User=0.03s Sys=0.00s Real=0.02s
[2024-11-16T18:04:40.424-0600][gc,start      ] GC(10) Pause Young (Normal) (G1 Evacuation Pause)
[2024-11-16T18:04:40.425-0600][gc,task       ] GC(10) Using 10 workers of 10 for evacuation
[2024-11-16T18:04:40.438-0600][gc,phases     ] GC(10)   Pre Evacuate Collection Set: 0.4ms
[2024-11-16T18:04:40.438-0600][gc,phases     ] GC(10)   Evacuate Collection Set: 11.5ms
[2024-11-16T18:04:40.438-0600][gc,phases     ] GC(10)   Post Evacuate Collection Set: 1.0ms
[2024-11-16T18:04:40.438-0600][gc,phases     ] GC(10)   Other: 1.9ms
[2024-11-16T18:04:40.438-0600][gc,heap       ] GC(10) Eden regions: 47->0(47)
[2024-11-16T18:04:40.438-0600][gc,heap       ] GC(10) Survivor regions: 4->4(7)
[2024-11-16T18:04:40.438-0600][gc,heap       ] GC(10) Old regions: 17->17
[2024-11-16T18:04:40.439-0600][gc,heap       ] GC(10) Humongous regions: 129->129
[2024-11-16T18:04:40.439-0600][gc,metaspace  ] GC(10) Metaspace: 55109K(58448K)->55109K(58448K) NonClass: 48085K(49824K)->48085K(49824K) Class: 7024K(8624K)->7024K(8624K)
[2024-11-16T18:04:40.439-0600][gc            ] GC(10) Pause Young (Normal) (G1 Evacuation Pause) 195M->148M(1024M) 15.041ms
[2024-11-16T18:04:40.439-0600][gc,cpu        ] GC(10) User=0.03s Sys=0.01s Real=0.01s
[2024-11-16T18:10:20.870-0600][gc,start      ] GC(11) Pause Young (Normal) (G1 Evacuation Pause)
[2024-11-16T18:10:20.872-0600][gc,task       ] GC(11) Using 10 workers of 10 for evacuation
[2024-11-16T18:10:20.886-0600][gc,phases     ] GC(11)   Pre Evacuate Collection Set: 0.1ms
[2024-11-16T18:10:20.886-0600][gc,phases     ] GC(11)   Evacuate Collection Set: 12.3ms
[2024-11-16T18:10:20.886-0600][gc,phases     ] GC(11)   Post Evacuate Collection Set: 1.8ms
[2024-11-16T18:10:20.887-0600][gc,phases     ] GC(11)   Other: 1.8ms
[2024-11-16T18:10:20.887-0600][gc,heap       ] GC(11) Eden regions: 47->0(47)
[2024-11-16T18:10:20.887-0600][gc,heap       ] GC(11) Survivor regions: 4->4(7)
[2024-11-16T18:10:20.887-0600][gc,heap       ] GC(11) Old regions: 17->17
[2024-11-16T18:10:20.887-0600][gc,heap       ] GC(11) Humongous regions: 129->129
[2024-11-16T18:10:20.887-0600][gc,metaspace  ] GC(11) Metaspace: 55333K(58704K)->55333K(58704K) NonClass: 48305K(50080K)->48305K(50080K) Class: 7027K(8624K)->7027K(8624K)
[2024-11-16T18:10:20.887-0600][gc            ] GC(11) Pause Young (Normal) (G1 Evacuation Pause) 195M->149M(1024M) 16.190ms
[2024-11-16T18:10:20.887-0600][gc,cpu        ] GC(11) User=0.04s Sys=0.00s Real=0.01s
[2024-11-16T18:15:57.416-0600][gc,start      ] GC(12) Pause Young (Normal) (G1 Evacuation Pause)
[2024-11-16T18:15:57.417-0600][gc,task       ] GC(12) Using 10 workers of 10 for evacuation
[2024-11-16T18:15:57.435-0600][gc,phases     ] GC(12)   Pre Evacuate Collection Set: 0.4ms
[2024-11-16T18:15:57.435-0600][gc,phases     ] GC(12)   Evacuate Collection Set: 16.4ms
[2024-11-16T18:15:57.435-0600][gc,phases     ] GC(12)   Post Evacuate Collection Set: 0.7ms
[2024-11-16T18:15:57.435-0600][gc,phases     ] GC(12)   Other: 1.8ms
[2024-11-16T18:15:57.435-0600][gc,heap       ] GC(12) Eden regions: 47->0(47)
[2024-11-16T18:15:57.435-0600][gc,heap       ] GC(12) Survivor regions: 4->4(7)
[2024-11-16T18:15:57.435-0600][gc,heap       ] GC(12) Old regions: 17->17
[2024-11-16T18:15:57.435-0600][gc,heap       ] GC(12) Humongous regions: 129->129
[2024-11-16T18:15:57.435-0600][gc,metaspace  ] GC(12) Metaspace: 55405K(58960K)->55405K(58960K) NonClass: 48378K(50336K)->48378K(50336K) Class: 7027K(8624K)->7027K(8624K)
[2024-11-16T18:15:57.435-0600][gc            ] GC(12) Pause Young (Normal) (G1 Evacuation Pause) 196M->149M(1024M) 19.464ms
[2024-11-16T18:15:57.435-0600][gc,cpu        ] GC(12) User=0.05s Sys=0.01s Real=0.02s
[2024-11-16T18:21:08.792-0600][gc,start      ] GC(13) Pause Young (Normal) (G1 Evacuation Pause)
[2024-11-16T18:21:08.793-0600][gc,task       ] GC(13) Using 10 workers of 10 for evacuation
[2024-11-16T18:21:08.806-0600][gc,phases     ] GC(13)   Pre Evacuate Collection Set: 0.3ms
[2024-11-16T18:21:08.807-0600][gc,phases     ] GC(13)   Evacuate Collection Set: 12.7ms
[2024-11-16T18:21:08.807-0600][gc,phases     ] GC(13)   Post Evacuate Collection Set: 0.4ms
[2024-11-16T18:21:08.807-0600][gc,phases     ] GC(13)   Other: 1.3ms
[2024-11-16T18:21:08.807-0600][gc,heap       ] GC(13) Eden regions: 47->0(52)
[2024-11-16T18:21:08.807-0600][gc,heap       ] GC(13) Survivor regions: 4->4(7)
[2024-11-16T18:21:08.807-0600][gc,heap       ] GC(13) Old regions: 17->18
[2024-11-16T18:21:08.807-0600][gc,heap       ] GC(13) Humongous regions: 129->129
[2024-11-16T18:21:08.807-0600][gc,metaspace  ] GC(13) Metaspace: 55561K(58960K)->55561K(58960K) NonClass: 48532K(50336K)->48532K(50336K) Class: 7029K(8624K)->7029K(8624K)
[2024-11-16T18:21:08.807-0600][gc            ] GC(13) Pause Young (Normal) (G1 Evacuation Pause) 196M->149M(1024M) 15.141ms
[2024-11-16T18:21:08.807-0600][gc,cpu        ] GC(13) User=0.04s Sys=0.01s Real=0.01s
[2024-11-16T18:25:14.466-0600][gc,start      ] GC(14) Pause Young (Normal) (G1 Evacuation Pause)
[2024-11-16T18:25:14.467-0600][gc,task       ] GC(14) Using 10 workers of 10 for evacuation
[2024-11-16T18:25:14.477-0600][gc,phases     ] GC(14)   Pre Evacuate Collection Set: 0.1ms
[2024-11-16T18:25:14.477-0600][gc,phases     ] GC(14)   Evacuate Collection Set: 8.2ms
[2024-11-16T18:25:14.477-0600][gc,phases     ] GC(14)   Post Evacuate Collection Set: 1.0ms
[2024-11-16T18:25:14.477-0600][gc,phases     ] GC(14)   Other: 1.8ms
[2024-11-16T18:25:14.477-0600][gc,heap       ] GC(14) Eden regions: 52->0(89)
[2024-11-16T18:25:14.477-0600][gc,heap       ] GC(14) Survivor regions: 4->4(7)
[2024-11-16T18:25:14.477-0600][gc,heap       ] GC(14) Old regions: 18->18
[2024-11-16T18:25:14.477-0600][gc,heap       ] GC(14) Humongous regions: 129->129
[2024-11-16T18:25:14.477-0600][gc,metaspace  ] GC(14) Metaspace: 55589K(58960K)->55589K(58960K) NonClass: 48560K(50336K)->48560K(50336K) Class: 7029K(8624K)->7029K(8624K)
[2024-11-16T18:25:14.477-0600][gc            ] GC(14) Pause Young (Normal) (G1 Evacuation Pause) 201M->149M(1024M) 11.220ms
[2024-11-16T18:25:14.477-0600][gc,cpu        ] GC(14) User=0.03s Sys=0.00s Real=0.01s
[2024-11-16T18:33:51.459-0600][gc,start      ] GC(15) Pause Young (Normal) (G1 Evacuation Pause)
[2024-11-16T18:33:51.461-0600][gc,task       ] GC(15) Using 10 workers of 10 for evacuation
[2024-11-16T18:33:51.471-0600][gc,phases     ] GC(15)   Pre Evacuate Collection Set: 0.1ms
[2024-11-16T18:33:51.471-0600][gc,phases     ] GC(15)   Evacuate Collection Set: 8.6ms
[2024-11-16T18:33:51.471-0600][gc,phases     ] GC(15)   Post Evacuate Collection Set: 1.4ms
[2024-11-16T18:33:51.471-0600][gc,phases     ] GC(15)   Other: 2.0ms
[2024-11-16T18:33:51.471-0600][gc,heap       ] GC(15) Eden regions: 89->0(192)
[2024-11-16T18:33:51.471-0600][gc,heap       ] GC(15) Survivor regions: 4->4(12)
[2024-11-16T18:33:51.471-0600][gc,heap       ] GC(15) Old regions: 18->18
[2024-11-16T18:33:51.471-0600][gc,heap       ] GC(15) Humongous regions: 129->129
[2024-11-16T18:33:51.471-0600][gc,metaspace  ] GC(15) Metaspace: 55673K(58960K)->55673K(58960K) NonClass: 48644K(50336K)->48644K(50336K) Class: 7029K(8624K)->7029K(8624K)
[2024-11-16T18:33:51.471-0600][gc            ] GC(15) Pause Young (Normal) (G1 Evacuation Pause) 238M->149M(1024M) 12.214ms
[2024-11-16T18:33:51.471-0600][gc,cpu        ] GC(15) User=0.03s Sys=0.00s Real=0.02s
