[2024-11-16T17:43:16.281-0600][gc,heap] Heap region size: 1M
[2024-11-16T17:43:16.283-0600][gc     ] Using G1
[2024-11-16T17:43:16.283-0600][gc,heap,coops] Heap address: 0x0000000780000000, size: 1024 MB, Compressed Oops mode: Zero based, Oop shift amount: 3
[2024-11-16T17:43:16.729-0600][gc,start     ] GC(0) Pause Young (Normal) (G1 Evacuation Pause)
[2024-11-16T17:43:16.729-0600][gc,task      ] GC(0) Using 10 workers of 10 for evacuation
[2024-11-16T17:43:16.733-0600][gc,phases    ] GC(0)   Pre Evacuate Collection Set: 0.0ms
[2024-11-16T17:43:16.733-0600][gc,phases    ] GC(0)   Evacuate Collection Set: 4.1ms
[2024-11-16T17:43:16.733-0600][gc,phases    ] GC(0)   Post Evacuate Collection Set: 0.2ms
[2024-11-16T17:43:16.733-0600][gc,phases    ] GC(0)   Other: 0.3ms
[2024-11-16T17:43:16.733-0600][gc,heap      ] GC(0) Eden regions: 51->0(44)
[2024-11-16T17:43:16.734-0600][gc,heap      ] GC(0) Survivor regions: 0->7(7)
[2024-11-16T17:43:16.734-0600][gc,heap      ] GC(0) Old regions: 0->1
[2024-11-16T17:43:16.734-0600][gc,heap      ] GC(0) Humongous regions: 0->0
[2024-11-16T17:43:16.734-0600][gc,metaspace ] GC(0) Metaspace: 20379K(20992K)->20379K(20992K) NonClass: 18066K(18432K)->18066K(18432K) Class: 2312K(2560K)->2312K(2560K)
[2024-11-16T17:43:16.734-0600][gc           ] GC(0) Pause Young (Normal) (G1 Evacuation Pause) 51M->7M(1024M) 4.659ms
[2024-11-16T17:43:16.734-0600][gc,cpu       ] GC(0) User=0.04s Sys=0.01s Real=0.01s
[2024-11-16T17:43:16.746-0600][gc,start     ] GC(1) Pause Young (Concurrent Start) (Metadata GC Threshold)
[2024-11-16T17:43:16.746-0600][gc,task      ] GC(1) Using 10 workers of 10 for evacuation
[2024-11-16T17:43:16.748-0600][gc,phases    ] GC(1)   Pre Evacuate Collection Set: 0.0ms
[2024-11-16T17:43:16.748-0600][gc,phases    ] GC(1)   Evacuate Collection Set: 2.0ms
[2024-11-16T17:43:16.748-0600][gc,phases    ] GC(1)   Post Evacuate Collection Set: 0.1ms
[2024-11-16T17:43:16.748-0600][gc,phases    ] GC(1)   Other: 0.1ms
[2024-11-16T17:43:16.748-0600][gc,heap      ] GC(1) Eden regions: 3->0(50)
[2024-11-16T17:43:16.748-0600][gc,heap      ] GC(1) Survivor regions: 7->1(7)
[2024-11-16T17:43:16.748-0600][gc,heap      ] GC(1) Old regions: 1->8
[2024-11-16T17:43:16.748-0600][gc,heap      ] GC(1) Humongous regions: 0->0
[2024-11-16T17:43:16.748-0600][gc,metaspace ] GC(1) Metaspace: 20781K(21296K)->20781K(21296K) NonClass: 18415K(18688K)->18415K(18688K) Class: 2365K(2608K)->2365K(2608K)
[2024-11-16T17:43:16.748-0600][gc           ] GC(1) Pause Young (Concurrent Start) (Metadata GC Threshold) 10M->8M(1024M) 2.269ms
[2024-11-16T17:43:16.748-0600][gc,cpu       ] GC(1) User=0.01s Sys=0.00s Real=0.00s
[2024-11-16T17:43:16.748-0600][gc           ] GC(2) Concurrent Cycle
[2024-11-16T17:43:16.748-0600][gc,marking   ] GC(2) Concurrent Clear Claimed Marks
[2024-11-16T17:43:16.748-0600][gc,marking   ] GC(2) Concurrent Clear Claimed Marks 0.016ms
[2024-11-16T17:43:16.748-0600][gc,marking   ] GC(2) Concurrent Scan Root Regions
[2024-11-16T17:43:16.748-0600][gc,marking   ] GC(2) Concurrent Scan Root Regions 0.074ms
[2024-11-16T17:43:16.748-0600][gc,marking   ] GC(2) Concurrent Mark (0.469s)
[2024-11-16T17:43:16.748-0600][gc,marking   ] GC(2) Concurrent Mark From Roots
[2024-11-16T17:43:16.748-0600][gc,task      ] GC(2) Using 3 workers of 3 for marking
[2024-11-16T17:43:16.749-0600][gc,marking   ] GC(2) Concurrent Mark From Roots 1.506ms
[2024-11-16T17:43:16.749-0600][gc,marking   ] GC(2) Concurrent Preclean
[2024-11-16T17:43:16.749-0600][gc,marking   ] GC(2) Concurrent Preclean 0.030ms
[2024-11-16T17:43:16.749-0600][gc,marking   ] GC(2) Concurrent Mark (0.469s, 0.471s) 1.554ms
[2024-11-16T17:43:16.750-0600][gc,start     ] GC(2) Pause Remark
[2024-11-16T17:43:16.750-0600][gc,stringtable] GC(2) Cleaned string and symbol table, strings: 7596 processed, 0 removed, symbols: 67607 processed, 39 removed
[2024-11-16T17:43:16.750-0600][gc            ] GC(2) Pause Remark 9M->9M(1024M) 0.771ms
[2024-11-16T17:43:16.750-0600][gc,cpu        ] GC(2) User=0.00s Sys=0.00s Real=0.00s
[2024-11-16T17:43:16.750-0600][gc,marking    ] GC(2) Concurrent Rebuild Remembered Sets
[2024-11-16T17:43:16.752-0600][gc,marking    ] GC(2) Concurrent Rebuild Remembered Sets 1.359ms
[2024-11-16T17:43:16.752-0600][gc,start      ] GC(2) Pause Cleanup
[2024-11-16T17:43:16.752-0600][gc            ] GC(2) Pause Cleanup 9M->9M(1024M) 0.075ms
[2024-11-16T17:43:16.752-0600][gc,cpu        ] GC(2) User=0.00s Sys=0.00s Real=0.00s
[2024-11-16T17:43:16.752-0600][gc,marking    ] GC(2) Concurrent Cleanup for Next Mark
[2024-11-16T17:43:16.753-0600][gc,marking    ] GC(2) Concurrent Cleanup for Next Mark 1.099ms
[2024-11-16T17:43:16.753-0600][gc            ] GC(2) Concurrent Cycle 5.107ms
[2024-11-16T17:43:17.116-0600][gc,start      ] GC(3) Pause Young (Normal) (G1 Evacuation Pause)
[2024-11-16T17:43:17.116-0600][gc,task       ] GC(3) Using 10 workers of 10 for evacuation
[2024-11-16T17:43:17.117-0600][gc,phases     ] GC(3)   Pre Evacuate Collection Set: 0.0ms
[2024-11-16T17:43:17.119-0600][gc,phases     ] GC(3)   Evacuate Collection Set: 0.9ms
[2024-11-16T17:43:17.119-0600][gc,phases     ] GC(3)   Post Evacuate Collection Set: 0.1ms
[2024-11-16T17:43:17.119-0600][gc,phases     ] GC(3)   Other: 0.1ms
[2024-11-16T17:43:17.119-0600][gc,heap       ] GC(3) Eden regions: 50->0(49)
[2024-11-16T17:43:17.119-0600][gc,heap       ] GC(3) Survivor regions: 1->2(7)
[2024-11-16T17:43:17.119-0600][gc,heap       ] GC(3) Old regions: 8->8
[2024-11-16T17:43:17.119-0600][gc,heap       ] GC(3) Humongous regions: 0->0
[2024-11-16T17:43:17.119-0600][gc,metaspace  ] GC(3) Metaspace: 30001K(30896K)->30001K(30896K) NonClass: 26451K(26880K)->26451K(26880K) Class: 3549K(4016K)->3549K(4016K)
[2024-11-16T17:43:17.119-0600][gc            ] GC(3) Pause Young (Normal) (G1 Evacuation Pause) 58M->9M(1024M) 3.701ms
[2024-11-16T17:43:17.119-0600][gc,cpu        ] GC(3) User=0.01s Sys=0.00s Real=0.00s
[2024-11-16T17:43:17.518-0600][gc,start      ] GC(4) Pause Young (Concurrent Start) (Metadata GC Threshold)
[2024-11-16T17:43:17.518-0600][gc,task       ] GC(4) Using 10 workers of 10 for evacuation
[2024-11-16T17:43:17.520-0600][gc,phases     ] GC(4)   Pre Evacuate Collection Set: 0.0ms
[2024-11-16T17:43:17.520-0600][gc,phases     ] GC(4)   Evacuate Collection Set: 1.6ms
[2024-11-16T17:43:17.520-0600][gc,phases     ] GC(4)   Post Evacuate Collection Set: 0.2ms
[2024-11-16T17:43:17.520-0600][gc,phases     ] GC(4)   Other: 0.1ms
[2024-11-16T17:43:17.520-0600][gc,heap       ] GC(4) Eden regions: 34->0(47)
[2024-11-16T17:43:17.520-0600][gc,heap       ] GC(4) Survivor regions: 2->4(7)
[2024-11-16T17:43:17.520-0600][gc,heap       ] GC(4) Old regions: 8->8
[2024-11-16T17:43:17.520-0600][gc,heap       ] GC(4) Humongous regions: 129->129
[2024-11-16T17:43:17.520-0600][gc,metaspace  ] GC(4) Metaspace: 34817K(35920K)->34817K(35920K) NonClass: 30860K(31392K)->30860K(31392K) Class: 3956K(4528K)->3956K(4528K)
[2024-11-16T17:43:17.520-0600][gc            ] GC(4) Pause Young (Concurrent Start) (Metadata GC Threshold) 171M->140M(1024M) 1.977ms
[2024-11-16T17:43:17.520-0600][gc,cpu        ] GC(4) User=0.01s Sys=0.00s Real=0.01s
[2024-11-16T17:43:17.520-0600][gc            ] GC(5) Concurrent Cycle
[2024-11-16T17:43:17.520-0600][gc,marking    ] GC(5) Concurrent Clear Claimed Marks
[2024-11-16T17:43:17.520-0600][gc,marking    ] GC(5) Concurrent Clear Claimed Marks 0.020ms
[2024-11-16T17:43:17.520-0600][gc,marking    ] GC(5) Concurrent Scan Root Regions
[2024-11-16T17:43:17.521-0600][gc,marking    ] GC(5) Concurrent Scan Root Regions 0.475ms
[2024-11-16T17:43:17.521-0600][gc,marking    ] GC(5) Concurrent Mark (1.242s)
[2024-11-16T17:43:17.521-0600][gc,marking    ] GC(5) Concurrent Mark From Roots
[2024-11-16T17:43:17.521-0600][gc,task       ] GC(5) Using 3 workers of 3 for marking
[2024-11-16T17:43:17.522-0600][gc,marking    ] GC(5) Concurrent Mark From Roots 1.514ms
[2024-11-16T17:43:17.522-0600][gc,marking    ] GC(5) Concurrent Preclean
[2024-11-16T17:43:17.522-0600][gc,marking    ] GC(5) Concurrent Preclean 0.029ms
[2024-11-16T17:43:17.522-0600][gc,marking    ] GC(5) Concurrent Mark (1.242s, 1.244s) 1.558ms
[2024-11-16T17:43:17.522-0600][gc,start      ] GC(5) Pause Remark
[2024-11-16T17:43:17.523-0600][gc,stringtable] GC(5) Cleaned string and symbol table, strings: 11071 processed, 10 removed, symbols: 100524 processed, 18 removed
[2024-11-16T17:43:17.523-0600][gc            ] GC(5) Pause Remark 141M->141M(1024M) 0.907ms
[2024-11-16T17:43:17.523-0600][gc,cpu        ] GC(5) User=0.00s Sys=0.00s Real=0.00s
[2024-11-16T17:43:17.523-0600][gc,marking    ] GC(5) Concurrent Rebuild Remembered Sets
[2024-11-16T17:43:17.525-0600][gc,marking    ] GC(5) Concurrent Rebuild Remembered Sets 1.288ms
[2024-11-16T17:43:17.525-0600][gc,start      ] GC(5) Pause Cleanup
[2024-11-16T17:43:17.525-0600][gc            ] GC(5) Pause Cleanup 141M->141M(1024M) 0.071ms
[2024-11-16T17:43:17.525-0600][gc,cpu        ] GC(5) User=0.00s Sys=0.00s Real=0.00s
[2024-11-16T17:43:17.525-0600][gc,marking    ] GC(5) Concurrent Cleanup for Next Mark
[2024-11-16T17:43:17.526-0600][gc,marking    ] GC(5) Concurrent Cleanup for Next Mark 1.016ms
[2024-11-16T17:43:17.526-0600][gc            ] GC(5) Concurrent Cycle 5.573ms
[2024-11-16T17:43:18.039-0600][gc,start      ] GC(6) Pause Young (Normal) (G1 Evacuation Pause)
[2024-11-16T17:43:18.039-0600][gc,task       ] GC(6) Using 10 workers of 10 for evacuation
[2024-11-16T17:43:18.042-0600][gc,phases     ] GC(6)   Pre Evacuate Collection Set: 0.1ms
[2024-11-16T17:43:18.042-0600][gc,phases     ] GC(6)   Evacuate Collection Set: 2.6ms
[2024-11-16T17:43:18.042-0600][gc,phases     ] GC(6)   Post Evacuate Collection Set: 0.4ms
[2024-11-16T17:43:18.042-0600][gc,phases     ] GC(6)   Other: 0.6ms
[2024-11-16T17:43:18.042-0600][gc,heap       ] GC(6) Eden regions: 47->0(44)
[2024-11-16T17:43:18.042-0600][gc,heap       ] GC(6) Survivor regions: 4->7(7)
[2024-11-16T17:43:18.042-0600][gc,heap       ] GC(6) Old regions: 8->8
[2024-11-16T17:43:18.042-0600][gc,heap       ] GC(6) Humongous regions: 129->0
[2024-11-16T17:43:18.042-0600][gc,metaspace  ] GC(6) Metaspace: 41580K(43216K)->41580K(43216K) NonClass: 36807K(37792K)->36807K(37792K) Class: 4772K(5424K)->4772K(5424K)
[2024-11-16T17:43:18.042-0600][gc            ] GC(6) Pause Young (Normal) (G1 Evacuation Pause) 187M->13M(1024M) 3.705ms
[2024-11-16T17:43:18.042-0600][gc,cpu        ] GC(6) User=0.02s Sys=0.00s Real=0.01s
[2024-11-16T17:43:18.301-0600][gc,heap,exit  ] Heap
[2024-11-16T17:43:18.301-0600][gc,heap,exit  ]  garbage-first heap   total 1048576K, used 20376K [0x0000000780000000, 0x00000007c0000000)
[2024-11-16T17:43:18.301-0600][gc,heap,exit  ]   region size 1024K, 14 young (14336K), 7 survivors (7168K)
[2024-11-16T17:43:18.301-0600][gc,heap,exit  ]  Metaspace       used 42187K, capacity 43637K, committed 43856K, reserved 1087488K
[2024-11-16T17:43:18.301-0600][gc,heap,exit  ]   class space    used 4867K, capacity 5524K, committed 5552K, reserved 1048576K
