[2024-11-16T16:56:30.184-0600][gc,heap] Heap region size: 1M
[2024-11-16T16:56:30.186-0600][gc     ] Using G1
[2024-11-16T16:56:30.186-0600][gc,heap,coops] Heap address: 0x0000000780000000, size: 1024 MB, Compressed Oops mode: Zero based, Oop shift amount: 3
[2024-11-16T16:56:30.717-0600][gc,start     ] GC(0) Pause Young (Normal) (G1 Evacuation Pause)
[2024-11-16T16:56:30.717-0600][gc,task      ] GC(0) Using 10 workers of 10 for evacuation
[2024-11-16T16:56:30.722-0600][gc,phases    ] GC(0)   Pre Evacuate Collection Set: 0.0ms
[2024-11-16T16:56:30.722-0600][gc,phases    ] GC(0)   Evacuate Collection Set: 4.2ms
[2024-11-16T16:56:30.722-0600][gc,phases    ] GC(0)   Post Evacuate Collection Set: 0.2ms
[2024-11-16T16:56:30.722-0600][gc,phases    ] GC(0)   Other: 0.3ms
[2024-11-16T16:56:30.722-0600][gc,heap      ] GC(0) Eden regions: 51->0(44)
[2024-11-16T16:56:30.722-0600][gc,heap      ] GC(0) Survivor regions: 0->7(7)
[2024-11-16T16:56:30.722-0600][gc,heap      ] GC(0) Old regions: 0->1
[2024-11-16T16:56:30.722-0600][gc,heap      ] GC(0) Humongous regions: 0->0
[2024-11-16T16:56:30.722-0600][gc,metaspace ] GC(0) Metaspace: 20417K(20992K)->20417K(20992K) NonClass: 18104K(18432K)->18104K(18432K) Class: 2313K(2560K)->2313K(2560K)
[2024-11-16T16:56:30.722-0600][gc           ] GC(0) Pause Young (Normal) (G1 Evacuation Pause) 51M->7M(1024M) 4.822ms
[2024-11-16T16:56:30.722-0600][gc,cpu       ] GC(0) User=0.03s Sys=0.00s Real=0.01s
[2024-11-16T16:56:30.735-0600][gc,start     ] GC(1) Pause Young (Concurrent Start) (Metadata GC Threshold)
[2024-11-16T16:56:30.735-0600][gc,task      ] GC(1) Using 10 workers of 10 for evacuation
[2024-11-16T16:56:30.738-0600][gc,phases    ] GC(1)   Pre Evacuate Collection Set: 0.0ms
[2024-11-16T16:56:30.738-0600][gc,phases    ] GC(1)   Evacuate Collection Set: 2.2ms
[2024-11-16T16:56:30.738-0600][gc,phases    ] GC(1)   Post Evacuate Collection Set: 0.1ms
[2024-11-16T16:56:30.738-0600][gc,phases    ] GC(1)   Other: 0.2ms
[2024-11-16T16:56:30.738-0600][gc,heap      ] GC(1) Eden regions: 3->0(50)
[2024-11-16T16:56:30.738-0600][gc,heap      ] GC(1) Survivor regions: 7->1(7)
[2024-11-16T16:56:30.738-0600][gc,heap      ] GC(1) Old regions: 1->8
[2024-11-16T16:56:30.738-0600][gc,heap      ] GC(1) Humongous regions: 0->0
[2024-11-16T16:56:30.738-0600][gc,metaspace ] GC(1) Metaspace: 20797K(21296K)->20797K(21296K) NonClass: 18431K(18688K)->18431K(18688K) Class: 2365K(2608K)->2365K(2608K)
[2024-11-16T16:56:30.738-0600][gc           ] GC(1) Pause Young (Concurrent Start) (Metadata GC Threshold) 10M->8M(1024M) 2.602ms
[2024-11-16T16:56:30.738-0600][gc,cpu       ] GC(1) User=0.01s Sys=0.01s Real=0.00s
[2024-11-16T16:56:30.738-0600][gc           ] GC(2) Concurrent Cycle
[2024-11-16T16:56:30.738-0600][gc,marking   ] GC(2) Concurrent Clear Claimed Marks
[2024-11-16T16:56:30.738-0600][gc,marking   ] GC(2) Concurrent Clear Claimed Marks 0.011ms
[2024-11-16T16:56:30.738-0600][gc,marking   ] GC(2) Concurrent Scan Root Regions
[2024-11-16T16:56:30.738-0600][gc,marking   ] GC(2) Concurrent Scan Root Regions 0.082ms
[2024-11-16T16:56:30.738-0600][gc,marking   ] GC(2) Concurrent Mark (0.557s)
[2024-11-16T16:56:30.738-0600][gc,marking   ] GC(2) Concurrent Mark From Roots
[2024-11-16T16:56:30.738-0600][gc,task      ] GC(2) Using 3 workers of 3 for marking
[2024-11-16T16:56:30.739-0600][gc,marking   ] GC(2) Concurrent Mark From Roots 1.491ms
[2024-11-16T16:56:30.739-0600][gc,marking   ] GC(2) Concurrent Preclean
[2024-11-16T16:56:30.740-0600][gc,marking   ] GC(2) Concurrent Preclean 0.033ms
[2024-11-16T16:56:30.740-0600][gc,marking   ] GC(2) Concurrent Mark (0.557s, 0.558s) 1.556ms
[2024-11-16T16:56:30.740-0600][gc,start     ] GC(2) Pause Remark
[2024-11-16T16:56:30.741-0600][gc,stringtable] GC(2) Cleaned string and symbol table, strings: 7591 processed, 0 removed, symbols: 67600 processed, 40 removed
[2024-11-16T16:56:30.741-0600][gc            ] GC(2) Pause Remark 9M->9M(1024M) 0.955ms
[2024-11-16T16:56:30.741-0600][gc,cpu        ] GC(2) User=0.00s Sys=0.00s Real=0.00s
[2024-11-16T16:56:30.741-0600][gc,marking    ] GC(2) Concurrent Rebuild Remembered Sets
[2024-11-16T16:56:30.742-0600][gc,marking    ] GC(2) Concurrent Rebuild Remembered Sets 1.346ms
[2024-11-16T16:56:30.742-0600][gc,start      ] GC(2) Pause Cleanup
[2024-11-16T16:56:30.742-0600][gc            ] GC(2) Pause Cleanup 9M->9M(1024M) 0.075ms
[2024-11-16T16:56:30.742-0600][gc,cpu        ] GC(2) User=0.00s Sys=0.00s Real=0.00s
[2024-11-16T16:56:30.742-0600][gc,marking    ] GC(2) Concurrent Cleanup for Next Mark
[2024-11-16T16:56:30.743-0600][gc,marking    ] GC(2) Concurrent Cleanup for Next Mark 1.306ms
[2024-11-16T16:56:30.743-0600][gc            ] GC(2) Concurrent Cycle 5.567ms
[2024-11-16T16:56:31.193-0600][gc,start      ] GC(3) Pause Young (Normal) (G1 Evacuation Pause)
[2024-11-16T16:56:31.193-0600][gc,task       ] GC(3) Using 10 workers of 10 for evacuation
[2024-11-16T16:56:31.195-0600][gc,phases     ] GC(3)   Pre Evacuate Collection Set: 0.0ms
[2024-11-16T16:56:31.195-0600][gc,phases     ] GC(3)   Evacuate Collection Set: 1.2ms
[2024-11-16T16:56:31.195-0600][gc,phases     ] GC(3)   Post Evacuate Collection Set: 0.1ms
[2024-11-16T16:56:31.195-0600][gc,phases     ] GC(3)   Other: 0.1ms
[2024-11-16T16:56:31.195-0600][gc,heap       ] GC(3) Eden regions: 50->0(49)
[2024-11-16T16:56:31.195-0600][gc,heap       ] GC(3) Survivor regions: 1->2(7)
[2024-11-16T16:56:31.195-0600][gc,heap       ] GC(3) Old regions: 8->8
[2024-11-16T16:56:31.195-0600][gc,heap       ] GC(3) Humongous regions: 129->129
[2024-11-16T16:56:31.195-0600][gc,metaspace  ] GC(3) Metaspace: 29752K(30512K)->29752K(30512K) NonClass: 26256K(26624K)->26256K(26624K) Class: 3496K(3888K)->3496K(3888K)
[2024-11-16T16:56:31.195-0600][gc            ] GC(3) Pause Young (Normal) (G1 Evacuation Pause) 187M->138M(1024M) 1.518ms
[2024-11-16T16:56:31.195-0600][gc,cpu        ] GC(3) User=0.01s Sys=0.00s Real=0.00s
[2024-11-16T16:56:31.339-0600][gc,start      ] GC(4) Pause Young (Concurrent Start) (Metadata GC Threshold)
[2024-11-16T16:56:31.339-0600][gc,task       ] GC(4) Using 10 workers of 10 for evacuation
[2024-11-16T16:56:31.341-0600][gc,phases     ] GC(4)   Pre Evacuate Collection Set: 0.0ms
[2024-11-16T16:56:31.341-0600][gc,phases     ] GC(4)   Evacuate Collection Set: 1.8ms
[2024-11-16T16:56:31.341-0600][gc,phases     ] GC(4)   Post Evacuate Collection Set: 0.1ms
[2024-11-16T16:56:31.341-0600][gc,phases     ] GC(4)   Other: 0.1ms
[2024-11-16T16:56:31.341-0600][gc,heap       ] GC(4) Eden regions: 30->0(48)
[2024-11-16T16:56:31.341-0600][gc,heap       ] GC(4) Survivor regions: 2->3(7)
[2024-11-16T16:56:31.341-0600][gc,heap       ] GC(4) Old regions: 8->8
[2024-11-16T16:56:31.341-0600][gc,heap       ] GC(4) Humongous regions: 129->129
[2024-11-16T16:56:31.341-0600][gc,metaspace  ] GC(4) Metaspace: 35086K(35920K)->35086K(35920K) NonClass: 31216K(31648K)->31216K(31648K) Class: 3869K(4272K)->3869K(4272K)
[2024-11-16T16:56:31.341-0600][gc            ] GC(4) Pause Young (Concurrent Start) (Metadata GC Threshold) 168M->139M(1024M) 2.118ms
[2024-11-16T16:56:31.341-0600][gc,cpu        ] GC(4) User=0.01s Sys=0.00s Real=0.01s
[2024-11-16T16:56:31.341-0600][gc            ] GC(5) Concurrent Cycle
[2024-11-16T16:56:31.341-0600][gc,marking    ] GC(5) Concurrent Clear Claimed Marks
[2024-11-16T16:56:31.341-0600][gc,marking    ] GC(5) Concurrent Clear Claimed Marks 0.014ms
[2024-11-16T16:56:31.341-0600][gc,marking    ] GC(5) Concurrent Scan Root Regions
[2024-11-16T16:56:31.342-0600][gc,marking    ] GC(5) Concurrent Scan Root Regions 0.447ms
[2024-11-16T16:56:31.342-0600][gc,marking    ] GC(5) Concurrent Mark (1.160s)
[2024-11-16T16:56:31.342-0600][gc,marking    ] GC(5) Concurrent Mark From Roots
[2024-11-16T16:56:31.342-0600][gc,task       ] GC(5) Using 3 workers of 3 for marking
[2024-11-16T16:56:31.343-0600][gc,marking    ] GC(5) Concurrent Mark From Roots 1.501ms
[2024-11-16T16:56:31.343-0600][gc,marking    ] GC(5) Concurrent Preclean
[2024-11-16T16:56:31.343-0600][gc,marking    ] GC(5) Concurrent Preclean 0.027ms
[2024-11-16T16:56:31.343-0600][gc,marking    ] GC(5) Concurrent Mark (1.160s, 1.162s) 1.551ms
[2024-11-16T16:56:31.343-0600][gc,start      ] GC(5) Pause Remark
[2024-11-16T16:56:31.344-0600][gc,stringtable] GC(5) Cleaned string and symbol table, strings: 11985 processed, 11 removed, symbols: 101573 processed, 22 removed
[2024-11-16T16:56:31.344-0600][gc            ] GC(5) Pause Remark 140M->140M(1024M) 1.023ms
[2024-11-16T16:56:31.344-0600][gc,cpu        ] GC(5) User=0.00s Sys=0.00s Real=0.00s
[2024-11-16T16:56:31.344-0600][gc,marking    ] GC(5) Concurrent Rebuild Remembered Sets
[2024-11-16T16:56:31.346-0600][gc,marking    ] GC(5) Concurrent Rebuild Remembered Sets 1.455ms
[2024-11-16T16:56:31.346-0600][gc,start      ] GC(5) Pause Cleanup
[2024-11-16T16:56:31.346-0600][gc            ] GC(5) Pause Cleanup 140M->140M(1024M) 0.075ms
[2024-11-16T16:56:31.346-0600][gc,cpu        ] GC(5) User=0.00s Sys=0.00s Real=0.00s
[2024-11-16T16:56:31.346-0600][gc,marking    ] GC(5) Concurrent Cleanup for Next Mark
[2024-11-16T16:56:31.347-0600][gc,marking    ] GC(5) Concurrent Cleanup for Next Mark 1.266ms
[2024-11-16T16:56:31.347-0600][gc            ] GC(5) Concurrent Cycle 6.131ms
[2024-11-16T16:56:31.572-0600][gc,start      ] GC(6) Pause Young (Normal) (G1 Evacuation Pause)
[2024-11-16T16:56:31.572-0600][gc,task       ] GC(6) Using 10 workers of 10 for evacuation
[2024-11-16T16:56:31.576-0600][gc,phases     ] GC(6)   Pre Evacuate Collection Set: 0.0ms
[2024-11-16T16:56:31.576-0600][gc,phases     ] GC(6)   Evacuate Collection Set: 2.9ms
[2024-11-16T16:56:31.576-0600][gc,phases     ] GC(6)   Post Evacuate Collection Set: 0.2ms
[2024-11-16T16:56:31.576-0600][gc,phases     ] GC(6)   Other: 0.1ms
[2024-11-16T16:56:31.576-0600][gc,heap       ] GC(6) Eden regions: 48->0(44)
[2024-11-16T16:56:31.576-0600][gc,heap       ] GC(6) Survivor regions: 3->7(7)
[2024-11-16T16:56:31.576-0600][gc,heap       ] GC(6) Old regions: 8->8
[2024-11-16T16:56:31.576-0600][gc,heap       ] GC(6) Humongous regions: 129->129
[2024-11-16T16:56:31.576-0600][gc,metaspace  ] GC(6) Metaspace: 42777K(44240K)->42777K(44240K) NonClass: 38023K(38816K)->38023K(38816K) Class: 4754K(5424K)->4754K(5424K)
[2024-11-16T16:56:31.576-0600][gc            ] GC(6) Pause Young (Normal) (G1 Evacuation Pause) 187M->143M(1024M) 3.273ms
[2024-11-16T16:56:31.576-0600][gc,cpu        ] GC(6) User=0.02s Sys=0.00s Real=0.00s
[2024-11-16T16:58:17.172-0600][gc,start      ] GC(7) Pause Young (Normal) (G1 Evacuation Pause)
[2024-11-16T16:58:17.172-0600][gc,task       ] GC(7) Using 10 workers of 10 for evacuation
[2024-11-16T16:58:17.185-0600][gc,phases     ] GC(7)   Pre Evacuate Collection Set: 0.1ms
[2024-11-16T16:58:17.185-0600][gc,phases     ] GC(7)   Evacuate Collection Set: 12.2ms
[2024-11-16T16:58:17.185-0600][gc,phases     ] GC(7)   Post Evacuate Collection Set: 0.3ms
[2024-11-16T16:58:17.185-0600][gc,phases     ] GC(7)   Other: 0.4ms
[2024-11-16T16:58:17.185-0600][gc,heap       ] GC(7) Eden regions: 44->0(48)
[2024-11-16T16:58:17.185-0600][gc,heap       ] GC(7) Survivor regions: 7->3(7)
[2024-11-16T16:58:17.185-0600][gc,heap       ] GC(7) Old regions: 8->15
[2024-11-16T16:58:17.185-0600][gc,heap       ] GC(7) Humongous regions: 129->129
[2024-11-16T16:58:17.185-0600][gc,metaspace  ] GC(7) Metaspace: 49997K(52688K)->49997K(52688K) NonClass: 43782K(45216K)->43782K(45216K) Class: 6214K(7472K)->6214K(7472K)
[2024-11-16T16:58:17.185-0600][gc            ] GC(7) Pause Young (Normal) (G1 Evacuation Pause) 187M->145M(1024M) 13.160ms
[2024-11-16T16:58:17.185-0600][gc,cpu        ] GC(7) User=0.02s Sys=0.05s Real=0.01s
[2024-11-16T17:05:04.880-0600][gc,start      ] GC(8) Pause Young (Normal) (G1 Evacuation Pause)
[2024-11-16T17:05:04.881-0600][gc,task       ] GC(8) Using 10 workers of 10 for evacuation
[2024-11-16T17:05:04.894-0600][gc,phases     ] GC(8)   Pre Evacuate Collection Set: 0.2ms
[2024-11-16T17:05:04.894-0600][gc,phases     ] GC(8)   Evacuate Collection Set: 12.5ms
[2024-11-16T17:05:04.894-0600][gc,phases     ] GC(8)   Post Evacuate Collection Set: 0.4ms
[2024-11-16T17:05:04.894-0600][gc,phases     ] GC(8)   Other: 1.5ms
[2024-11-16T17:05:04.894-0600][gc,heap       ] GC(8) Eden regions: 48->0(45)
[2024-11-16T17:05:04.894-0600][gc,heap       ] GC(8) Survivor regions: 3->6(7)
[2024-11-16T17:05:04.894-0600][gc,heap       ] GC(8) Old regions: 15->15
[2024-11-16T17:05:04.894-0600][gc,heap       ] GC(8) Humongous regions: 129->129
[2024-11-16T17:05:04.894-0600][gc,metaspace  ] GC(8) Metaspace: 53184K(56016K)->53184K(56016K) NonClass: 46583K(48032K)->46583K(48032K) Class: 6601K(7984K)->6601K(7984K)
[2024-11-16T17:05:04.894-0600][gc            ] GC(8) Pause Young (Normal) (G1 Evacuation Pause) 193M->149M(1024M) 14.584ms
[2024-11-16T17:05:04.894-0600][gc,cpu        ] GC(8) User=0.03s Sys=0.04s Real=0.01s
[2024-11-16T17:17:31.831-0600][gc,start      ] GC(9) Pause Young (Normal) (G1 Evacuation Pause)
[2024-11-16T17:17:31.831-0600][gc,task       ] GC(9) Using 10 workers of 10 for evacuation
[2024-11-16T17:17:31.841-0600][gc,phases     ] GC(9)   Pre Evacuate Collection Set: 0.2ms
[2024-11-16T17:17:31.841-0600][gc,phases     ] GC(9)   Evacuate Collection Set: 8.4ms
[2024-11-16T17:17:31.841-0600][gc,phases     ] GC(9)   Post Evacuate Collection Set: 0.5ms
[2024-11-16T17:17:31.841-0600][gc,phases     ] GC(9)   Other: 0.8ms
[2024-11-16T17:17:31.841-0600][gc,heap       ] GC(9) Eden regions: 45->0(48)
[2024-11-16T17:17:31.841-0600][gc,heap       ] GC(9) Survivor regions: 6->3(7)
[2024-11-16T17:17:31.841-0600][gc,heap       ] GC(9) Old regions: 15->18
[2024-11-16T17:17:31.841-0600][gc,heap       ] GC(9) Humongous regions: 129->129
[2024-11-16T17:17:31.841-0600][gc,metaspace  ] GC(9) Metaspace: 53440K(56528K)->53440K(56528K) NonClass: 46812K(48544K)->46812K(48544K) Class: 6628K(7984K)->6628K(7984K)
[2024-11-16T17:17:31.841-0600][gc            ] GC(9) Pause Young (Normal) (G1 Evacuation Pause) 194M->149M(1024M) 10.089ms
[2024-11-16T17:17:31.841-0600][gc,cpu        ] GC(9) User=0.03s Sys=0.01s Real=0.01s
[2024-11-16T17:32:19.561-0600][gc,start      ] GC(10) Pause Young (Normal) (G1 Evacuation Pause)
[2024-11-16T17:32:19.563-0600][gc,task       ] GC(10) Using 10 workers of 10 for evacuation
[2024-11-16T17:32:19.579-0600][gc,phases     ] GC(10)   Pre Evacuate Collection Set: 1.6ms
[2024-11-16T17:32:19.579-0600][gc,phases     ] GC(10)   Evacuate Collection Set: 13.8ms
[2024-11-16T17:32:19.579-0600][gc,phases     ] GC(10)   Post Evacuate Collection Set: 0.4ms
[2024-11-16T17:32:19.579-0600][gc,phases     ] GC(10)   Other: 2.3ms
[2024-11-16T17:32:19.579-0600][gc,heap       ] GC(10) Eden regions: 48->0(46)
[2024-11-16T17:32:19.579-0600][gc,heap       ] GC(10) Survivor regions: 3->5(7)
[2024-11-16T17:32:19.579-0600][gc,heap       ] GC(10) Old regions: 18->18
[2024-11-16T17:32:19.579-0600][gc,heap       ] GC(10) Humongous regions: 129->129
[2024-11-16T17:32:19.579-0600][gc,metaspace  ] GC(10) Metaspace: 53690K(56656K)->53690K(56656K) NonClass: 47031K(48544K)->47031K(48544K) Class: 6658K(8112K)->6658K(8112K)
[2024-11-16T17:32:19.579-0600][gc            ] GC(10) Pause Young (Normal) (G1 Evacuation Pause) 197M->151M(1024M) 18.011ms
[2024-11-16T17:32:19.579-0600][gc,cpu        ] GC(10) User=0.06s Sys=0.02s Real=0.01s
[2024-11-16T17:42:00.488-0600][gc,start      ] GC(11) Pause Young (Normal) (G1 Evacuation Pause)
[2024-11-16T17:42:00.488-0600][gc,task       ] GC(11) Using 10 workers of 10 for evacuation
[2024-11-16T17:42:00.491-0600][gc,phases     ] GC(11)   Pre Evacuate Collection Set: 0.0ms
[2024-11-16T17:42:00.491-0600][gc,phases     ] GC(11)   Evacuate Collection Set: 2.0ms
[2024-11-16T17:42:00.491-0600][gc,phases     ] GC(11)   Post Evacuate Collection Set: 0.2ms
[2024-11-16T17:42:00.491-0600][gc,phases     ] GC(11)   Other: 0.7ms
[2024-11-16T17:42:00.491-0600][gc,heap       ] GC(11) Eden regions: 46->0(45)
[2024-11-16T17:42:00.491-0600][gc,heap       ] GC(11) Survivor regions: 5->6(7)
[2024-11-16T17:42:00.491-0600][gc,heap       ] GC(11) Old regions: 18->19
[2024-11-16T17:42:00.491-0600][gc,heap       ] GC(11) Humongous regions: 129->129
[2024-11-16T17:42:00.491-0600][gc,metaspace  ] GC(11) Metaspace: 54560K(57808K)->54560K(57808K) NonClass: 47631K(49312K)->47631K(49312K) Class: 6928K(8496K)->6928K(8496K)
[2024-11-16T17:42:00.491-0600][gc            ] GC(11) Pause Young (Normal) (G1 Evacuation Pause) 197M->153M(1024M) 2.712ms
[2024-11-16T17:42:00.491-0600][gc,cpu        ] GC(11) User=0.02s Sys=0.00s Real=0.01s
[2024-11-16T17:43:02.398-0600][gc,heap,exit  ] Heap
[2024-11-16T17:43:02.398-0600][gc,heap,exit  ]  garbage-first heap   total 1048576K, used 173280K [0x0000000780000000, 0x00000007c0000000)
[2024-11-16T17:43:02.399-0600][gc,heap,exit  ]   region size 1024K, 24 young (24576K), 6 survivors (6144K)
[2024-11-16T17:43:02.399-0600][gc,heap,exit  ]  Metaspace       used 55885K, capacity 59210K, committed 59344K, reserved 1099776K
[2024-11-16T17:43:02.399-0600][gc,heap,exit  ]   class space    used 7249K, capacity 8909K, committed 9008K, reserved 1048576K
