[2024-11-16T16:56:19.478-0600][gc,heap] Heap region size: 1M
[2024-11-16T16:56:19.479-0600][gc     ] Using G1
[2024-11-16T16:56:19.479-0600][gc,heap,coops] Heap address: 0x00000007a0000000, size: 512 MB, Compressed Oops mode: Zero based, Oop shift amount: 3
[2024-11-16T16:56:20.146-0600][gc,start     ] GC(0) Pause Young (Normal) (G1 Evacuation Pause)
[2024-11-16T16:56:20.147-0600][gc,task      ] GC(0) Using 10 workers of 10 for evacuation
[2024-11-16T16:56:20.151-0600][gc,phases    ] GC(0)   Pre Evacuate Collection Set: 0.0ms
[2024-11-16T16:56:20.151-0600][gc,phases    ] GC(0)   Evacuate Collection Set: 3.6ms
[2024-11-16T16:56:20.151-0600][gc,phases    ] GC(0)   Post Evacuate Collection Set: 0.2ms
[2024-11-16T16:56:20.151-0600][gc,phases    ] GC(0)   Other: 0.5ms
[2024-11-16T16:56:20.151-0600][gc,heap      ] GC(0) Eden regions: 25->0(21)
[2024-11-16T16:56:20.151-0600][gc,heap      ] GC(0) Survivor regions: 0->4(4)
[2024-11-16T16:56:20.151-0600][gc,heap      ] GC(0) Old regions: 0->4
[2024-11-16T16:56:20.151-0600][gc,heap      ] GC(0) Humongous regions: 0->0
[2024-11-16T16:56:20.151-0600][gc,metaspace ] GC(0) Metaspace: 14236K(14720K)->14236K(14720K) NonClass: 12795K(13056K)->12795K(13056K) Class: 1440K(1664K)->1440K(1664K)
[2024-11-16T16:56:20.151-0600][gc           ] GC(0) Pause Young (Normal) (G1 Evacuation Pause) 25M->7M(512M) 4.221ms
[2024-11-16T16:56:20.151-0600][gc,cpu       ] GC(0) User=0.02s Sys=0.00s Real=0.01s
[2024-11-16T17:35:19.608-0600][gc,start     ] GC(1) Pause Young (Normal) (G1 Evacuation Pause)
[2024-11-16T17:35:19.609-0600][gc,task      ] GC(1) Using 10 workers of 10 for evacuation
[2024-11-16T17:35:19.628-0600][gc,phases    ] GC(1)   Pre Evacuate Collection Set: 1.0ms
[2024-11-16T17:35:19.628-0600][gc,phases    ] GC(1)   Evacuate Collection Set: 17.1ms
[2024-11-16T17:35:19.628-0600][gc,phases    ] GC(1)   Post Evacuate Collection Set: 0.4ms
[2024-11-16T17:35:19.628-0600][gc,phases    ] GC(1)   Other: 2.0ms
[2024-11-16T17:35:19.628-0600][gc,heap      ] GC(1) Eden regions: 21->0(24)
[2024-11-16T17:35:19.628-0600][gc,heap      ] GC(1) Survivor regions: 4->1(4)
[2024-11-16T17:35:19.628-0600][gc,heap      ] GC(1) Old regions: 4->8
[2024-11-16T17:35:19.628-0600][gc,heap      ] GC(1) Humongous regions: 0->0
[2024-11-16T17:35:19.628-0600][gc,metaspace ] GC(1) Metaspace: 16996K(17536K)->16996K(17536K) NonClass: 15312K(15616K)->15312K(15616K) Class: 1683K(1920K)->1683K(1920K)
[2024-11-16T17:35:19.628-0600][gc           ] GC(1) Pause Young (Normal) (G1 Evacuation Pause) 28M->8M(512M) 20.215ms
[2024-11-16T17:35:19.628-0600][gc,cpu       ] GC(1) User=0.03s Sys=0.04s Real=0.02s
[2024-11-16T17:42:59.517-0600][gc,heap,exit ] Heap
[2024-11-16T17:42:59.517-0600][gc,heap,exit ]  garbage-first heap   total 524288K, used 13291K [0x00000007a0000000, 0x00000007c0000000)
[2024-11-16T17:42:59.517-0600][gc,heap,exit ]   region size 1024K, 6 young (6144K), 1 survivors (1024K)
[2024-11-16T17:42:59.517-0600][gc,heap,exit ]  Metaspace       used 17035K, capacity 17368K, committed 17536K, reserved 1064960K
[2024-11-16T17:42:59.517-0600][gc,heap,exit ]   class space    used 1686K, capacity 1851K, committed 1920K, reserved 1048576K
