[2024-11-16T17:43:12.267-0600][gc,heap] Heap region size: 1M
[2024-11-16T17:43:12.268-0600][gc     ] Using G1
[2024-11-16T17:43:12.268-0600][gc,heap,coops] Heap address: 0x00000007a0000000, size: 512 MB, Compressed Oops mode: Zero based, Oop shift amount: 3
[2024-11-16T17:43:12.526-0600][gc,start     ] GC(0) Pause Young (Normal) (G1 Evacuation Pause)
[2024-11-16T17:43:12.526-0600][gc,task      ] GC(0) Using 10 workers of 10 for evacuation
[2024-11-16T17:43:12.530-0600][gc,phases    ] GC(0)   Pre Evacuate Collection Set: 0.0ms
[2024-11-16T17:43:12.530-0600][gc,phases    ] GC(0)   Evacuate Collection Set: 3.8ms
[2024-11-16T17:43:12.530-0600][gc,phases    ] GC(0)   Post Evacuate Collection Set: 0.2ms
[2024-11-16T17:43:12.530-0600][gc,phases    ] GC(0)   Other: 0.2ms
[2024-11-16T17:43:12.530-0600][gc,heap      ] GC(0) Eden regions: 25->0(21)
[2024-11-16T17:43:12.530-0600][gc,heap      ] GC(0) Survivor regions: 0->4(4)
[2024-11-16T17:43:12.530-0600][gc,heap      ] GC(0) Old regions: 0->4
[2024-11-16T17:43:12.530-0600][gc,heap      ] GC(0) Humongous regions: 0->0
[2024-11-16T17:43:12.530-0600][gc,metaspace ] GC(0) Metaspace: 14219K(14720K)->14219K(14720K) NonClass: 12783K(13056K)->12783K(13056K) Class: 1435K(1664K)->1435K(1664K)
[2024-11-16T17:43:12.530-0600][gc           ] GC(0) Pause Young (Normal) (G1 Evacuation Pause) 25M->7M(512M) 4.218ms
[2024-11-16T17:43:12.530-0600][gc,cpu       ] GC(0) User=0.03s Sys=0.00s Real=0.01s
